GIT
1. Create a folder called cursor_git

pasha@pasha-VirtualBox:~$ mkdir cursor_git

2. cd into the cursor_git folder.

pasha@pasha-VirtualBox:~$ cd cursor_git

3. Create a file called first.py.

pasha@pasha-VirtualBox:~/cursor_git$ touch first.py
pasha@pasha-VirtualBox:~/cursor_git$ git init
Initialized empty Git repository in /home/pasha/cursor_git/.git/

4. Add first.py to the staging area.

pasha@pasha-VirtualBox:~/cursor_git$ git add first.py
pasha@pasha-VirtualBox:~/cursor_git$ git status
On branch master

No commits yet

Changes to be committed:
  (use "git rm --cached <file>..." to unstage)
	new file:   first.py

5. Commit with the message "adding first.py".

pasha@pasha-VirtualBox:~/cursor_git$ git commit -m 'adding first.py'
[master (root-commit) 7991cda] adding first.py
 1 file changed, 0 insertions(+), 0 deletions(-)
 create mode 100644 first.py

6. Check out your commit with git log.

pasha@pasha-VirtualBox:~/cursor_git$ git log
commit 7991cda9afe58a7f4dc6c466e8042a8f1361c58c (HEAD -> master)
Author: Pavlo Tomkovyd <tomkovidpavlo@gmail.com>
Date:   Thu Apr 29 14:23:14 2021 +0300

    adding first.py

7. Create another file called second.py.

pasha@pasha-VirtualBox:~/cursor_git$ touch second.py

8. Add second.py to the staging area.

pasha@pasha-VirtualBox:~/cursor_git$ git add second.py
pasha@pasha-VirtualBox:~/cursor_git$ git status
On branch master
Changes to be committed:
  (use "git restore --staged <file>..." to unstage)
	new file:   second.py

9. Commit with the message "adding second.py"

pasha@pasha-VirtualBox:~/cursor_git$ git commit -m 'adding second.py'
[master cbe71cd] adding second.py
 1 file changed, 0 insertions(+), 0 deletions(-)
 create mode 100644 second.py

10. Remove the first.py file

pasha@pasha-VirtualBox:~/cursor_git$ rm first.py
pasha@pasha-VirtualBox:~/cursor_git$ git status
On branch master
Changes not staged for commit:
  (use "git add/rm <file>..." to update what will be committed)
  (use "git restore <file>..." to discard changes in working directory)
	deleted:    first.py

no changes added to commit (use "git add" and/or "git commit -a")

11. Add this change to the staging area

pasha@pasha-VirtualBox:~/cursor_git$ git rm first.py
rm 'first.py'
pasha@pasha-VirtualBox:~/cursor_git$ git status
On branch master
Changes to be committed:
  (use "git restore --staged <file>..." to unstage)
	deleted:    first.py

12. Commit with the message "removing first.py"

pasha@pasha-VirtualBox:~/cursor_git$ git commit -m 'removing first.py'
[master 95b6636] removing first.py
 1 file changed, 0 insertions(+), 0 deletions(-)
 delete mode 100644 first.py

13. Check out your commits using git log

pasha@pasha-VirtualBox:~/cursor_git$ git log
commit 95b66369d3ba18292eb783de28cd06df54cf40ea (HEAD -> master)
Author: Pavlo Tomkovyd <tomkovidpavlo@gmail.com>
Date:   Thu Apr 29 14:33:34 2021 +0300

    removing first.py

commit cbe71cd0e0a79ea36d37099866d6fdbfe6e8c65f
Author: Pavlo Tomkovyd <tomkovidpavlo@gmail.com>
Date:   Thu Apr 29 14:31:27 2021 +0300

    adding second.py

commit 7991cda9afe58a7f4dc6c466e8042a8f1361c58c
Author: Pavlo Tomkovyd <tomkovidpavlo@gmail.com>
Date:   Thu Apr 29 14:23:14 2021 +0300

    adding first.py

14. Push your changes to remote

pasha@pasha-VirtualBox:~/cursor_git$ git remote add origin https://github.com/tomkovyd-pasha/cursor_advanced_hw.git
pasha@pasha-VirtualBox:~/cursor_git$ git push -u origin master
Username for 'https://github.com': tomkovyd-pasha
Password for 'https://tomkovyd-pasha@github.com': 
Enumerating objects: 7, done.
Counting objects: 100% (7/7), done.
Compressing objects: 100% (4/4), done.
Writing objects: 100% (7/7), 658 bytes | 658.00 KiB/s, done.
Total 7 (delta 0), reused 0 (delta 0)
To https://github.com/tomkovyd-pasha/cursor_advanced_hw.git
 * [new branch]      master -> master
Branch 'master' set up to track remote branch 'master' from 'origin'.

15. Create new branch from master called `first` (without checkout)

pasha@pasha-VirtualBox:~/cursor_git$ git branch first

16. Create one more branch from master called `second` (with checkout to it)

pasha@pasha-VirtualBox:~/cursor_git$ git checkout -b second
Switched to a new branch 'second'

17. Change the second.py file with "print('Hello')" string.

pasha@pasha-VirtualBox:~/cursor_git$ echo 'print("Hello")' > second.py
pasha@pasha-VirtualBox:~/cursor_git$ cat second.py
print("Hello")

18. Stash you changes and checkout to first branch.

pasha@pasha-VirtualBox:~/cursor_git$ git stash
Saved working directory and index state WIP on second: 95b6636 removing first.py
pasha@pasha-VirtualBox:~/cursor_git$ git checkout first
Switched to branch 'first'

19. Checkout back and Stash Pop the changes.

pasha@pasha-VirtualBox:~/cursor_git$ git checkout second
Switched to branch 'second'
pasha@pasha-VirtualBox:~/cursor_git$ git stash pop
On branch second
Changes not staged for commit:
  (use "git add <file>..." to update what will be committed)
  (use "git restore <file>..." to discard changes in working directory)
	modified:   second.py

no changes added to commit (use "git add" and/or "git commit -a")
Dropped refs/stash@{0} (11dab4a77a45bf2cfd9343f7ee5cd2f3bbd8b7d7)

20. Add your changes to the staging area

pasha@pasha-VirtualBox:~/cursor_git$ git add second.py

21. Commit with the message "Changing second.py".

pasha@pasha-VirtualBox:~/cursor_git$ git commit -m 'Changing second.py'
[second 831998b] Changing second.py
 1 file changed, 1 insertion(+)

22. Push your changes to remote


pasha@pasha-VirtualBox:~/cursor_git$ git push origin second
Username for 'https://github.com': tomkovyd-pasha
Password for 'https://tomkovyd-pasha@github.com': 
Enumerating objects: 5, done.
Counting objects: 100% (5/5), done.
Writing objects: 100% (3/3), 273 bytes | 273.00 KiB/s, done.
Total 3 (delta 0), reused 0 (delta 0)
remote: 
remote: Create a pull request for 'second' on GitHub by visiting:
remote:      https://github.com/tomkovyd-pasha/cursor_advanced_hw/pull/new/second
remote: 
To https://github.com/tomkovyd-pasha/cursor_advanced_hw.git
 * [new branch]      second -> second

23. Checkout to first branch.

pasha@pasha-VirtualBox:~/cursor_git$ git checkout first
Switched to branch 'first'

24. Change the second.py file with print("Cursor") string.

pasha@pasha-VirtualBox:~/cursor_git$ echo 'print("Cursor")' > second.py

25. Add your changes to the staging area

pasha@pasha-VirtualBox:~/cursor_git$ git add second.py

26. Commit with the message "Changing second.py".

pasha@pasha-VirtualBox:~/cursor_git$ git commit -m 'Changing second.py'
[first 00024bf] Changing second.py
 1 file changed, 1 insertion(+)

27. Push your changes to remote

pasha@pasha-VirtualBox:~/cursor_git$ git push origin first
Username for 'https://github.com': tomkovyd-pasha
Password for 'https://tomkovyd-pasha@github.com': 
Enumerating objects: 5, done.
Counting objects: 100% (5/5), done.
Writing objects: 100% (3/3), 274 bytes | 274.00 KiB/s, done.
Total 3 (delta 0), reused 0 (delta 0)
remote: 
remote: Create a pull request for 'first' on GitHub by visiting:
remote:      https://github.com/tomkovyd-pasha/cursor_advanced_hw/pull/new/first
remote: 
To https://github.com/tomkovyd-pasha/cursor_advanced_hw.git
 * [new branch]      first -> first

28. Checkout to master branch

pasha@pasha-VirtualBox:~/cursor_git$ git checkout master
Switched to branch 'master'
Your branch is up to date with 'origin/master'.

29*. Merge the changes from second branch

pasha@pasha-VirtualBox:~/cursor_git$ git merge second
Updating 95b6636..831998b
Fast-forward
 second.py | 1 +
 1 file changed, 1 insertion(+)

30*. Then merge the changes from first branch

pasha@pasha-VirtualBox:~/cursor_git$ git merge first
Auto-merging second.py
CONFLICT (content): Merge conflict in second.py
Automatic merge failed; fix conflicts and then commit the result.
pasha@pasha-VirtualBox:~/cursor_git$ git status
On branch master
Your branch is ahead of 'origin/master' by 1 commit.
  (use "git push" to publish your local commits)

You have unmerged paths.
  (fix conflicts and run "git commit")
  (use "git merge --abort" to abort the merge)

Unmerged paths:
  (use "git add <file>..." to mark resolution)
	both modified:   second.py

no changes added to commit (use "git add" and/or "git commit -a")

31*. Resolve conflict and push the changes to remote

pasha@pasha-VirtualBox:~/cursor_git$ cat second.py
print("Hello")
print("Cursor")
pasha@pasha-VirtualBox:~/cursor_git$ git add second.py
pasha@pasha-VirtualBox:~/cursor_git$ git commit -m 'conflict resolved'
[master 17a97b9] conflict resolved
pasha@pasha-VirtualBox:~/cursor_git$ git log
commit 17a97b9eccb71ee1d5abb039d2f7cbc30e2f2c4b (HEAD -> master)
Merge: 831998b 00024bf
Author: Pavlo Tomkovyd <tomkovidpavlo@gmail.com>
Date:   Thu Apr 29 17:06:05 2021 +0300

    conflict resolved

commit 00024bf3f0ebb1f68cf54c3ee30ce0e080913e48 (origin/first, first)
Author: Pavlo Tomkovyd <tomkovidpavlo@gmail.com>
Date:   Thu Apr 29 16:56:31 2021 +0300

    Changing second.py

commit 831998ba67ce565ea9c13b135f62fd3262fc0f16 (origin/second, second)
Author: Pavlo Tomkovyd <tomkovidpavlo@gmail.com>
Date:   Thu Apr 29 16:02:09 2021 +0300

    Changing second.py

commit 95b66369d3ba18292eb783de28cd06df54cf40ea (origin/master)
Author: Pavlo Tomkovyd <tomkovidpavlo@gmail.com>
Date:   Thu Apr 29 14:33:34 2021 +0300

    removing first.py

commit cbe71cd0e0a79ea36d37099866d6fdbfe6e8c65f
Author: Pavlo Tomkovyd <tomkovidpavlo@gmail.com>
Date:   Thu Apr 29 14:31:27 2021 +0300

    adding second.py
:
[2]+  Stopped                 git log


pasha@pasha-VirtualBox:~/cursor_git$ git push origin master
Username for 'https://github.com': tomkovyd-pasha
Password for 'https://tomkovyd-pasha@github.com': 
Enumerating objects: 7, done.
Counting objects: 100% (7/7), done.
Writing objects: 100% (3/3), 308 bytes | 308.00 KiB/s, done.
Total 3 (delta 0), reused 0 (delta 0)
To https://github.com/tomkovyd-pasha/cursor_advanced_hw.git
   95b6636..17a97b9  master -> master
